<html>
<body>
<pre>
<h1>礦ision Build Log</h1>
<h2>Tool Versions:</h2>
IDE-Version: μVision V5.14.0.0
Copyright (C) 2015 ARM Ltd and ARM Germany GmbH. All rights reserved.
License Information: at1a5 at1a5, seu, LIC=UJWII-TSQVM-55CT2-9G7W0-FU8XK-ZA4BR
 
Tool Versions:
Toolchain:       MDK-ARM Standard  Version: 5.14.0.0
Toolchain Path:  C:\Keil_v5\ARM\ARMCC\Bin
C Compiler:      Armcc.exe V5.05 update 1 (build 106)
Assembler:       Armasm.exe V5.05 update 1 (build 106)
Linker/Locator:  ArmLink.exe V5.05 update 1 (build 106)
Library Manager: ArmAr.exe V5.05 update 1 (build 106)
Hex Converter:   FromElf.exe V5.05 update 1 (build 106)
CPU DLL:         SARMCM3.DLL V5.14.0.0
Dialog DLL:      DCM.DLL V1.13.1.0
Target DLL:      CMSIS_AGDI.dll V1.21.0.0
Dialog DLL:      TCM.DLL V1.14.4.0
 
<h2>Project:</h2>
E:\比赛\2017电设国赛\1-固件库例程\0-模板\Project\RVMDK（uv5）\BH-F407.uvprojx
Project File Date:  04/15/2017

<h2>Output:</h2>
Build target '工程模板'
compiling main.c...
..\..\User\main.c(20): warning:  #223-D: function "EXTI_Config" declared implicitly
        EXTI_Config();
..\..\User\main.c: 1 warning, 0 errors
linking...
Program Size: Code=4716 RO-data=6504 RW-data=56 ZI-data=1024  
FromELF: creating hex file...
"..\..\Output\Template.axf" - 0 Error(s), 1 Warning(s).

<h2>Collection of Component include folders:</h2>
  E:\比赛\2017电设国赛\1-固件库例程\0-模板\Project\RVMDK（uv5）\RTE
  C:\Keil_v5\ARM\PACK\Keil\STM32F4xx_DFP\2.11.0

<h2>Collection of Component Files used:</h2>
</pre>
</body>
</html>
